
> make-something@0.1.0 build
> next build

▲ Next.js 16.1.6 (Turbopack)

  Creating an optimized production build ...
✓ Compiled successfully in 65s
  Skipping validation of types
  Collecting page data using 11 workers ...
  Generating static pages using 11 workers (0/6) ...
⚠ metadataBase property in metadata export is not set for resolving social open graph or twitter images, using "http://localhost:3000". See https://nextjs.org/docs/app/api-reference/functions/generate-metadata#metadatabase
  Generating static pages using 11 workers (1/6) 
  Generating static pages using 11 workers (2/6) 
  Generating static pages using 11 workers (4/6) 
✓ Generating static pages using 11 workers (6/6) in 8.0s
  Finalizing page optimization ...

Route (app)
┌ ○ /
├ ○ /_not-found
├ ƒ /api/data
├ ƒ /api/migrate
├ ○ /app
├ ○ /icon.svg
└ ○ /opengraph-image


○  (Static)   prerendered as static content
ƒ  (Dynamic)  server-rendered on demand

